---
source: src/htpasswd.rs
expression: htpasswd
---
Htpasswd(
  path: "",
  credentials: CredentialMap({
    "Administrator": Credential(
      name: "Administrator",
      hash: "<redacted>",
    ),
    "backup-user": Credential(
      name: "backup-user",
      hash: "<redacted>",
    ),
  }),
)
